<?xml version="1.0" encoding="utf-8"?><testsuites name="pytest tests"><testsuite name="pytest" errors="0" failures="2" skipped="3" tests="240" time="26.986" timestamp="2026-04-01T22:52:04.666155+00:00" hostname="runnervmrg6be"><testcase classname="tests.integrations.test_cybershield_adapter" name="test_ingest_and_synthesize_file" file="tests/integrations/test_cybershield_adapter.py" line="7" time="1.669" /><testcase classname="tests.integrations.test_cybershield_adapter" name="test_ingest_payload_and_single_row" file="tests/integrations/test_cybershield_adapter.py" line="34" time="0.028" /><testcase classname="tests.test_agent_planning_mode" name="test_dna_planning_mode_writes_report" file="tests/test_agent_planning_mode.py" line="10" time="0.002" /><testcase classname="tests.test_agent_planning_mode" name="test_phi_planning_mode_detects_latest_dna_report" file="tests/test_agent_planning_mode.py" line="18" time="0.003" /><testcase classname="tests.test_agent_planning_mode" name="test_qnn_planning_mode_detects_latest_phi_report" file="tests/test_agent_planning_mode.py" line="34" time="0.003" /><testcase classname="tests.test_dl_qmc" name="test_vmc_reduces_energy" file="tests/test_dl_qmc.py" line="4" time="0.124" /><testcase classname="tests.test_dl_qmc_langevin" name="test_vmc_langevin_reduces_energy" file="tests/test_dl_qmc_langevin.py" line="8" time="0.160" /><testcase classname="tests.test_golden_ratio_callback" name="test_phi_callback_initialization" file="tests/test_golden_ratio_callback.py" line="41" time="0.001" /><testcase classname="tests.test_golden_ratio_callback" name="test_resonance_tracking" file="tests/test_golden_ratio_callback.py" line="57" time="0.008" /><testcase classname="tests.test_golden_ratio_callback" name="test_resonance_tracking_frequency" file="tests/test_golden_ratio_callback.py" line="75" time="0.009" /><testcase classname="tests.test_golden_ratio_callback" name="test_resonance_plotting" file="tests/test_golden_ratio_callback.py" line="92" time="0.709" /><testcase classname="tests.test_golden_ratio_callback" name="test_phi_regularization_loss" file="tests/test_golden_ratio_callback.py" line="108" time="0.001" /><testcase classname="tests.test_golden_ratio_callback" name="test_resonance_from_weights" file="tests/test_golden_ratio_callback.py" line="124" time="0.007" /><testcase classname="tests.test_golden_ratio_callback" name="test_get_summary" file="tests/test_golden_ratio_callback.py" line="135" time="0.022" /><testcase classname="tests.test_golden_ratio_callback" name="test_empty_summary" file="tests/test_golden_ratio_callback.py" line="153" time="0.000" /><testcase classname="tests.test_metatron" name="test_encode_decode_roundtrip" file="tests/test_metatron.py" line="8" time="0.001" /><testcase classname="tests.test_metatron" name="test_create_and_archive" file="tests/test_metatron.py" line="18" time="0.005" /><testcase classname="tests.test_metatron" name="test_hmac_signature" file="tests/test_metatron.py" line="33" time="0.005" /><testcase classname="tests.test_metatron_integration.TestMetatronNervousSystem" name="test_dna_encoding_decoding" file="tests/test_metatron_integration.py" line="53" time="0.001" /><testcase classname="tests.test_metatron_integration.TestMetatronNervousSystem" name="test_hmac_signing" file="tests/test_metatron_integration.py" line="72" time="0.001" /><testcase classname="tests.test_metatron_integration.TestMetatronNervousSystem" name="test_phi_constant" file="tests/test_metatron_integration.py" line="47" time="0.001" /><testcase classname="tests.test_metatron_integration.TestMetatronNervousSystem" name="test_registry_creation" file="tests/test_metatron_integration.py" line="89" time="0.001" /><testcase classname="tests.test_metatron_integration.TestNodeRegistry" name="test_all_nodes_registered" file="tests/test_metatron_integration.py" line="98" time="0.001" /><testcase classname="tests.test_metatron_integration.TestNodeRegistry" name="test_platonic_solids_mapped" file="tests/test_metatron_integration.py" line="113" time="0.001" /><testcase classname="tests.test_metatron_integration.TestNodeRegistry" name="test_register_node_function" file="tests/test_metatron_integration.py" line="122" time="0.001" /><testcase classname="tests.test_metatron_integration.TestMetatronCoordinator" name="test_coordinator_health_status" file="tests/test_metatron_integration.py" line="170" time="0.001" /><testcase classname="tests.test_metatron_integration.TestMetatronCoordinator" name="test_coordinator_initialization" file="tests/test_metatron_integration.py" line="160" time="0.001" /><testcase classname="tests.test_metatron_integration.TestMetatronCoordinator" name="test_geometry_contains_all_platonic_solids" file="tests/test_metatron_integration.py" line="216" time="0.001" /><testcase classname="tests.test_metatron_integration.TestMetatronCoordinator" name="test_message_routing" file="tests/test_metatron_integration.py" line="198" time="0.001" /><testcase classname="tests.test_metatron_integration.TestMetatronCoordinator" name="test_system_health_report" file="tests/test_metatron_integration.py" line="182" time="0.004" /><testcase classname="tests.test_metatron_integration.TestIndividualNodes" name="test_node1_base_os" file="tests/test_metatron_integration.py" line="230" time="0.001" /><testcase classname="tests.test_metatron_integration.TestIndividualNodes" name="test_node2_cybershield" file="tests/test_metatron_integration.py" line="247" time="0.001" /><testcase classname="tests.test_metatron_integration.TestIndividualNodes" name="test_node5_molecular_geometry" file="tests/test_metatron_integration.py" line="263" time="0.001" /><testcase classname="tests.test_metatron_integration.TestIndividualNodes" name="test_node6_data_provenance" file="tests/test_metatron_integration.py" line="278" time="0.001" /><testcase classname="tests.test_metatron_integration.TestIndividualNodes" name="test_node7_nft_inventor" file="tests/test_metatron_integration.py" line="300" time="0.001" /><testcase classname="tests.test_metatron_integration.TestIndividualNodes" name="test_node9_qvae_bridge" file="tests/test_metatron_integration.py" line="315" time="0.001" /><testcase classname="tests.test_metatron_integration.TestPlatonicSolidGeometry" name="test_cube_geometry" file="tests/test_metatron_integration.py" line="334" time="0.001" /><testcase classname="tests.test_metatron_integration.TestPlatonicSolidGeometry" name="test_dodecahedron_geometry" file="tests/test_metatron_integration.py" line="396" time="0.001" /><testcase classname="tests.test_metatron_integration.TestPlatonicSolidGeometry" name="test_icosahedron_geometry" file="tests/test_metatron_integration.py" line="381" time="0.001" /><testcase classname="tests.test_metatron_integration.TestPlatonicSolidGeometry" name="test_octahedron_geometry" file="tests/test_metatron_integration.py" line="366" time="0.001" /><testcase classname="tests.test_metatron_integration.TestPlatonicSolidGeometry" name="test_tetrahedron_geometry" file="tests/test_metatron_integration.py" line="350" time="0.001" /><testcase classname="tests.test_molecular_geometry" name="test_compute_bond_angle_right_angle" file="tests/test_molecular_geometry.py" line="11" time="0.001" /><testcase classname="tests.test_molecular_geometry" name="test_parse_xyz_and_metadata" file="tests/test_molecular_geometry.py" line="19" time="0.005" /><testcase classname="tests.test_molecular_geometry" name="test_save_structure_and_archive" file="tests/test_molecular_geometry.py" line="39" time="0.001" /><testcase classname="tests.test_molecular_geometry_v2.TestAtom" name="test_create_atom" file="tests/test_molecular_geometry_v2.py" line="121" time="0.001" /><testcase classname="tests.test_molecular_geometry_v2.TestAtom" name="test_atom_mass_auto_populated" file="tests/test_molecular_geometry_v2.py" line="129" time="0.000" /><testcase classname="tests.test_molecular_geometry_v2.TestAtom" name="test_atom_symbol_normalization" file="tests/test_molecular_geometry_v2.py" line="133" time="0.000" /><testcase classname="tests.test_molecular_geometry_v2.TestAtom" name="test_atom_coords_as_array" file="tests/test_molecular_geometry_v2.py" line="140" time="0.001" /><testcase classname="tests.test_molecular_geometry_v2.TestAtom" name="test_atom_distance" file="tests/test_molecular_geometry_v2.py" line="146" time="0.001" /><testcase classname="tests.test_molecular_geometry_v2.TestAtom" name="test_atom_to_dict_and_back" file="tests/test_molecular_geometry_v2.py" line="151" time="0.000" /><testcase classname="tests.test_molecular_geometry_v2.TestMolecule" name="test_create_molecule" file="tests/test_molecular_geometry_v2.py" line="165" time="0.001" /><testcase classname="tests.test_molecular_geometry_v2.TestMolecule" name="test_molecule_formula" file="tests/test_molecular_geometry_v2.py" line="171" time="0.001" /><testcase classname="tests.test_molecular_geometry_v2.TestMolecule" name="test_molecule_total_mass" file="tests/test_molecular_geometry_v2.py" line="174" time="0.001" /><testcase classname="tests.test_molecular_geometry_v2.TestMolecule" name="test_molecule_coordinates" file="tests/test_molecular_geometry_v2.py" line="179" time="0.001" /><testcase classname="tests.test_molecular_geometry_v2.TestMolecule" name="test_molecule_center_of_mass" file="tests/test_molecular_geometry_v2.py" line="183" time="0.001" /><testcase classname="tests.test_molecular_geometry_v2.TestMolecule" name="test_molecule_translate" file="tests/test_molecular_geometry_v2.py" line="189" time="0.001" /><testcase classname="tests.test_molecular_geometry_v2.TestMolecule" name="test_molecule_center" file="tests/test_molecular_geometry_v2.py" line="196" time="0.001" /><testcase classname="tests.test_molecular_geometry_v2.TestMolecule" name="test_molecule_copy" file="tests/test_molecular_geometry_v2.py" line="202" time="0.001" /><testcase classname="tests.test_molecular_geometry_v2.TestMolecule" name="test_molecule_to_json" file="tests/test_molecular_geometry_v2.py" line="210" time="0.002" /><testcase classname="tests.test_molecular_geometry_v2.TestGeometryAnalyzer" name="test_distance" file="tests/test_molecular_geometry_v2.py" line="223" time="0.001" /><testcase classname="tests.test_molecular_geometry_v2.TestGeometryAnalyzer" name="test_distance_matrix" file="tests/test_molecular_geometry_v2.py" line="228" time="0.001" /><testcase classname="tests.test_molecular_geometry_v2.TestGeometryAnalyzer" name="test_angle" file="tests/test_molecular_geometry_v2.py" line="237" time="0.001" /><testcase classname="tests.test_molecular_geometry_v2.TestGeometryAnalyzer" name="test_compute_angle_static" file="tests/test_molecular_geometry_v2.py" line="243" time="0.001" /><testcase classname="tests.test_molecular_geometry_v2.TestGeometryAnalyzer" name="test_compute_dihedral" file="tests/test_molecular_geometry_v2.py" line="248" time="0.001" /><testcase classname="tests.test_molecular_geometry_v2.TestGeometryAnalyzer" name="test_all_bond_angles" file="tests/test_molecular_geometry_v2.py" line="253" time="0.001" /><testcase classname="tests.test_molecular_geometry_v2.TestGeometryAnalyzer" name="test_rmsd_same_molecule" file="tests/test_molecular_geometry_v2.py" line="258" time="0.001" /><testcase classname="tests.test_molecular_geometry_v2.TestGeometryAnalyzer" name="test_kabsch_align" file="tests/test_molecular_geometry_v2.py" line="263" time="0.001" /><testcase classname="tests.test_molecular_geometry_v2.TestGeometryAnalyzer" name="test_detect_bonds" file="tests/test_molecular_geometry_v2.py" line="273" time="0.001" /><testcase classname="tests.test_molecular_geometry_v2.TestGeometryAnalyzer" name="test_radius_of_gyration" file="tests/test_molecular_geometry_v2.py" line="282" time="0.001" /><testcase classname="tests.test_molecular_geometry_v2.TestGeometryAnalyzer" name="test_moments_of_inertia" file="tests/test_molecular_geometry_v2.py" line="287" time="0.001" /><testcase classname="tests.test_molecular_geometry_v2.TestGeometryAnalyzer" name="test_is_chiral" file="tests/test_molecular_geometry_v2.py" line="294" time="0.001" /><testcase classname="tests.test_molecular_geometry_v2.TestGeometryAnalyzer" name="test_phi_ratio_analysis" file="tests/test_molecular_geometry_v2.py" line="301" time="0.001" /><testcase classname="tests.test_molecular_geometry_v2.TestGeometryAnalyzer" name="test_summary" file="tests/test_molecular_geometry_v2.py" line="307" time="0.002" /><testcase classname="tests.test_molecular_geometry_v2.TestMolecularDescriptors" name="test_constitutional" file="tests/test_molecular_geometry_v2.py" line="320" time="0.001" /><testcase classname="tests.test_molecular_geometry_v2.TestMolecularDescriptors" name="test_topological" file="tests/test_molecular_geometry_v2.py" line="327" time="0.002" /><testcase classname="tests.test_molecular_geometry_v2.TestMolecularDescriptors" name="test_geometric" file="tests/test_molecular_geometry_v2.py" line="334" time="0.002" /><testcase classname="tests.test_molecular_geometry_v2.TestMolecularDescriptors" name="test_electronic" file="tests/test_molecular_geometry_v2.py" line="340" time="0.001" /><testcase classname="tests.test_molecular_geometry_v2.TestMolecularDescriptors" name="test_golden_ratio_descriptors" file="tests/test_molecular_geometry_v2.py" line="347" time="0.005" /><testcase classname="tests.test_molecular_geometry_v2.TestMolecularDescriptors" name="test_all_descriptors" file="tests/test_molecular_geometry_v2.py" line="353" time="0.003" /><testcase classname="tests.test_molecular_geometry_v2.TestMolecularDescriptors" name="test_flat_descriptors" file="tests/test_molecular_geometry_v2.py" line="360" time="0.003" /><testcase classname="tests.test_molecular_geometry_v2.TestMolecularDescriptors" name="test_descriptor_vector" file="tests/test_molecular_geometry_v2.py" line="366" time="0.003" /><testcase classname="tests.test_molecular_geometry_v2.TestMolecularSimilarity" name="test_similarity_same_molecule" file="tests/test_molecular_geometry_v2.py" line="376" time="0.005" /><testcase classname="tests.test_molecular_geometry_v2.TestMolecularSimilarity" name="test_similarity_different_molecules" file="tests/test_molecular_geometry_v2.py" line="380" time="0.021" /><testcase classname="tests.test_molecular_geometry_v2.TestSymmetry" name="test_linear_molecule_symmetry" file="tests/test_molecular_geometry_v2.py" line="390" time="0.002" /><testcase classname="tests.test_molecular_geometry_v2.TestSymmetry" name="test_water_symmetry" file="tests/test_molecular_geometry_v2.py" line="395" time="0.003" /><testcase classname="tests.test_molecular_geometry_v2.TestSymmetry" name="test_get_point_group" file="tests/test_molecular_geometry_v2.py" line="401" time="0.003" /><testcase classname="tests.test_molecular_geometry_v2.TestSymmetry" name="test_has_inversion" file="tests/test_molecular_geometry_v2.py" line="405" time="0.002" /><testcase classname="tests.test_molecular_geometry_v2.TestSymmetry" name="test_chirality_from_symmetry" file="tests/test_molecular_geometry_v2.py" line="409" time="0.003" /><testcase classname="tests.test_molecular_geometry_v2.TestFileIO" name="test_parse_xyz" file="tests/test_molecular_geometry_v2.py" line="420" time="0.001" /><testcase classname="tests.test_molecular_geometry_v2.TestFileIO" name="test_read_xyz" file="tests/test_molecular_geometry_v2.py" line="426" time="0.002" /><testcase classname="tests.test_molecular_geometry_v2.TestFileIO" name="test_write_xyz" file="tests/test_molecular_geometry_v2.py" line="433" time="0.002" /><testcase classname="tests.test_molecular_geometry_v2.TestFileIO" name="test_write_and_read_json" file="tests/test_molecular_geometry_v2.py" line="440" time="0.004" /><testcase classname="tests.test_molecular_geometry_v2.TestFileIO" name="test_write_pdb" file="tests/test_molecular_geometry_v2.py" line="447" time="0.002" /><testcase classname="tests.test_molecular_geometry_v2.TestIntegration" name="test_nft_generator" file="tests/test_molecular_geometry_v2.py" line="460" time="0.005" /><testcase classname="tests.test_molecular_geometry_v2.TestIntegration" name="test_nft_attributes" file="tests/test_molecular_geometry_v2.py" line="468" time="0.004" /><testcase classname="tests.test_molecular_geometry_v2.TestIntegration" name="test_legacy_analyzer_angle" file="tests/test_molecular_geometry_v2.py" line="474" time="0.001" /><testcase classname="tests.test_molecular_geometry_v2.TestIntegration" name="test_legacy_center_of_mass" file="tests/test_molecular_geometry_v2.py" line="482" time="0.001" /><testcase classname="tests.test_molecular_geometry_v2.TestConstants" name="test_phi_value" file="tests/test_molecular_geometry_v2.py" line="495" time="0.000" /><testcase classname="tests.test_molecular_geometry_v2.TestConstants" name="test_golden_angle" file="tests/test_molecular_geometry_v2.py" line="499" time="0.000" /><testcase classname="tests.test_molecular_geometry_v2.TestConstants" name="test_get_mass" file="tests/test_molecular_geometry_v2.py" line="502" time="0.000" /><testcase classname="tests.test_molecular_geometry_v2.TestConstants" name="test_get_covalent_radius" file="tests/test_molecular_geometry_v2.py" line="506" time="0.000" /><testcase classname="tests.test_molecular_geometry_v2.TestLegacyCompatibility" name="test_geometry_structure" file="tests/test_molecular_geometry_v2.py" line="516" time="0.000" /><testcase classname="tests.test_molecular_geometry_v2.TestLegacyCompatibility" name="test_geometry_structure_round_trip" file="tests/test_molecular_geometry_v2.py" line="526" time="0.001" /><testcase classname="tests.test_node12_neural_synapse" name="test_phi_correlation" file="tests/test_node12_neural_synapse.py" line="5" time="0.000" /><testcase classname="tests.test_node12_neural_synapse" name="test_build_connectivity_strengthening" file="tests/test_node12_neural_synapse.py" line="13" time="0.001" /><testcase classname="tests.test_node1_base_os.TestNode1BaseOS" name="test_geometry_info" file="tests/test_node1_base_os.py" line="49" time="0.001" /><testcase classname="tests.test_node1_base_os.TestNode1BaseOS" name="test_health_status" file="tests/test_node1_base_os.py" line="58" time="0.001" /><testcase classname="tests.test_node1_base_os.TestNode1BaseOS" name="test_initialization" file="tests/test_node1_base_os.py" line="34" time="0.001" /><testcase classname="tests.test_node1_base_os.TestNode1BaseOS" name="test_phi_constant" file="tests/test_node1_base_os.py" line="43" time="0.001" /><testcase classname="tests.test_node1_base_os.TestNode1BaseOS" name="test_uptime_calculation" file="tests/test_node1_base_os.py" line="68" time="0.101" /><testcase classname="tests.test_node2_cybershield.TestNode2CyberShield" name="test_access_control_logic" file="tests/test_node2_cybershield.py" line="63" time="0.001" /><testcase classname="tests.test_node2_cybershield.TestNode2CyberShield" name="test_audit_log_creation_and_content" file="tests/test_node2_cybershield.py" line="98" time="0.001" /><testcase classname="tests.test_node2_cybershield.TestNode2CyberShield" name="test_encryption_decryption_symmetry" file="tests/test_node2_cybershield.py" line="86" time="0.001" /><testcase classname="tests.test_node2_cybershield.TestNode2CyberShield" name="test_health_status_payload" file="tests/test_node2_cybershield.py" line="115" time="0.001" /><testcase classname="tests.test_node2_cybershield.TestNode2CyberShield" name="test_hmac_signature" file="tests/test_node2_cybershield.py" line="44" time="0.001" /><testcase classname="tests.test_node2_cybershield.TestNode2CyberShield" name="test_initialization" file="tests/test_node2_cybershield.py" line="36" time="0.001" /><testcase classname="tests.test_node3_labs.TestNode3ExperimentalLabs" name="test_create_experiment" file="tests/test_node3_labs.py" line="62" time="0.002" /><testcase classname="tests.test_node3_labs.TestNode3ExperimentalLabs" name="test_experiment_persistence" file="tests/test_node3_labs.py" line="196" time="0.002" /><testcase classname="tests.test_node3_labs.TestNode3ExperimentalLabs" name="test_geometry_info" file="tests/test_node3_labs.py" line="42" time="0.001" /><testcase classname="tests.test_node3_labs.TestNode3ExperimentalLabs" name="test_get_experiment_results" file="tests/test_node3_labs.py" line="129" time="0.004" /><testcase classname="tests.test_node3_labs.TestNode3ExperimentalLabs" name="test_get_experiment_results_invalid" file="tests/test_node3_labs.py" line="162" time="0.001" /><testcase classname="tests.test_node3_labs.TestNode3ExperimentalLabs" name="test_health_status" file="tests/test_node3_labs.py" line="49" time="0.001" /><testcase classname="tests.test_node3_labs.TestNode3ExperimentalLabs" name="test_initialization" file="tests/test_node3_labs.py" line="30" time="0.001" /><testcase classname="tests.test_node3_labs.TestNode3ExperimentalLabs" name="test_phi_weighted_score" file="tests/test_node3_labs.py" line="214" time="0.002" /><testcase classname="tests.test_node3_labs.TestNode3ExperimentalLabs" name="test_record_measurement" file="tests/test_node3_labs.py" line="82" time="0.002" /><testcase classname="tests.test_node3_labs.TestNode3ExperimentalLabs" name="test_record_measurement_invalid_experiment" file="tests/test_node3_labs.py" line="102" time="0.001" /><testcase classname="tests.test_node3_labs.TestNode3ExperimentalLabs" name="test_record_measurement_invalid_metric" file="tests/test_node3_labs.py" line="120" time="0.002" /><testcase classname="tests.test_node3_labs.TestNode3ExperimentalLabs" name="test_record_measurement_invalid_variant" file="tests/test_node3_labs.py" line="109" time="0.001" /><testcase classname="tests.test_node3_labs.TestNode3ExperimentalLabs" name="test_run_integration_test_failure" file="tests/test_node3_labs.py" line="182" time="0.001" /><testcase classname="tests.test_node3_labs.TestNode3ExperimentalLabs" name="test_run_integration_test_success" file="tests/test_node3_labs.py" line="167" time="0.002" /><testcase classname="tests.test_node4_nft_layer.TestNode4NFTLayer" name="test_create_asset_pipeline" file="tests/test_node4_nft_layer.py" line="64" time="0.002" /><testcase classname="tests.test_node4_nft_layer.TestNode4NFTLayer" name="test_get_asset" file="tests/test_node4_nft_layer.py" line="99" time="0.001" /><testcase classname="tests.test_node4_nft_layer.TestNode4NFTLayer" name="test_get_asset_invalid_id" file="tests/test_node4_nft_layer.py" line="114" time="0.001" /><testcase classname="tests.test_node4_nft_layer.TestNode4NFTLayer" name="test_health_status_updates" file="tests/test_node4_nft_layer.py" line="122" time="0.001" /><testcase classname="tests.test_node4_nft_layer.TestNode4NFTLayer" name="test_initialization" file="tests/test_node4_nft_layer.py" line="37" time="0.001" /><testcase classname="tests.test_node4_nft_layer.TestNode4NFTLayer" name="test_standardize_metadata" file="tests/test_node4_nft_layer.py" line="48" time="0.001" /><testcase classname="tests.test_node5_molecular_geometry.TestNode5SpatialIntelligence" name="test_analyze_structure_water" file="tests/test_node5_molecular_geometry.py" line="38" time="0.001" /><testcase classname="tests.test_node5_molecular_geometry.TestNode5SpatialIntelligence" name="test_generate_3d_visualization" file="tests/test_node5_molecular_geometry.py" line="84" time="0.254" /><testcase classname="tests.test_node5_molecular_geometry.TestNode5SpatialIntelligence" name="test_initialization" file="tests/test_node5_molecular_geometry.py" line="30" time="0.001" /><testcase classname="tests.test_node5_molecular_geometry.TestNode5SpatialIntelligence" name="test_input_validation_for_analysis" file="tests/test_node5_molecular_geometry.py" line="96" time="0.003" /><testcase classname="tests.test_node5_molecular_geometry.TestNode5SpatialIntelligence" name="test_recognize_patterns" file="tests/test_node5_molecular_geometry.py" line="59" time="0.003" /><testcase classname="tests.test_node6_provenance.TestNode6AuditTrails" name="test_add_log_entry" file="tests/test_node6_provenance.py" line="53" time="0.003" /><testcase classname="tests.test_node6_provenance.TestNode6AuditTrails" name="test_health_status_reflects_chain_validity" file="tests/test_node6_provenance.py" line="126" time="0.002" /><testcase classname="tests.test_node6_provenance.TestNode6AuditTrails" name="test_initialization_creates_genesis_entry" file="tests/test_node6_provenance.py" line="33" time="0.001" /><testcase classname="tests.test_node6_provenance.TestNode6AuditTrails" name="test_verify_broken_chain_link_fails" file="tests/test_node6_provenance.py" line="107" time="0.002" /><testcase classname="tests.test_node6_provenance.TestNode6AuditTrails" name="test_verify_tampered_chain_content_fails" file="tests/test_node6_provenance.py" line="87" time="0.002" /><testcase classname="tests.test_node6_provenance.TestNode6AuditTrails" name="test_verify_valid_chain" file="tests/test_node6_provenance.py" line="77" time="0.002" /><testcase classname="tests.test_node7_nft_inventor.TestNode7NFTInventor" name="test_consciousness_metrics_calculation" file="tests/test_node7_nft_inventor.py" line="56" time="0.001" /><testcase classname="tests.test_node7_nft_inventor.TestNode7NFTInventor" name="test_fingerprints_are_distinct" file="tests/test_node7_nft_inventor.py" line="40" time="0.002" /><testcase classname="tests.test_node7_nft_inventor.TestNode7NFTInventor" name="test_full_invent_nft_pipeline" file="tests/test_node7_nft_inventor.py" line="103" time="0.003" /><testcase classname="tests.test_node7_nft_inventor.TestNode7NFTInventor" name="test_render_3d_asset_with_mock_trimesh" file="tests/test_node7_nft_inventor.py" line="84" time="0.004" /><testcase classname="tests.test_node7_nft_inventor.TestNode7NFTInventor" name="test_tmtos_certification_block" file="tests/test_node7_nft_inventor.py" line="68" time="0.001" /><testcase classname="tests.test_node8_quantum_observer.TestNode8QuantumObserver" name="test_detect_collapse_on_incomplete_job" file="tests/test_node8_quantum_observer.py" line="109" time="0.001" /><testcase classname="tests.test_node8_quantum_observer.TestNode8QuantumObserver" name="test_detect_quantum_collapse_logic" file="tests/test_node8_quantum_observer.py" line="75" time="0.001" /><testcase classname="tests.test_node8_quantum_observer.TestNode8QuantumObserver" name="test_health_status_payload" file="tests/test_node8_quantum_observer.py" line="117" time="0.002"><failure message="AssertionError: 0 != 1">tests/test_node8_quantum_observer.py:130: in test_health_status_payload
    self.assertEqual(next_health["notifications_sent"], 1)
E   AssertionError: 0 != 1</failure></testcase><testcase classname="tests.test_node8_quantum_observer.TestNode8QuantumObserver" name="test_initialization_and_listener_registration" file="tests/test_node8_quantum_observer.py" line="50" time="0.001" /><testcase classname="tests.test_node8_quantum_observer.TestNode8QuantumObserver" name="test_on_mint_event_triggers_notification" file="tests/test_node8_quantum_observer.py" line="58" time="0.001"><failure message="AssertionError: 0 != 1">tests/test_node8_quantum_observer.py:67: in test_on_mint_event_triggers_notification
    self.assertEqual(
E   AssertionError: 0 != 1</failure></testcase><testcase classname="tests.test_node9_qvae_bridge.TestQVAEBridge" name="test_get_job_status_invalid_id" file="tests/test_node9_qvae_bridge.py" line="101" time="0.001" /><testcase classname="tests.test_node9_qvae_bridge.TestQVAEBridge" name="test_initialization" file="tests/test_node9_qvae_bridge.py" line="41" time="0.001" /><testcase classname="tests.test_node9_qvae_bridge.TestQVAEBridge" name="test_job_submission_and_lifecycle" file="tests/test_node9_qvae_bridge.py" line="69" time="2.004" /><testcase classname="tests.test_node9_qvae_bridge.TestQVAEBridge" name="test_map_classical_to_quantum" file="tests/test_node9_qvae_bridge.py" line="49" time="0.002" /><testcase classname="tests.test_node9_qvae_bridge.TestQVAEBridge" name="test_map_classical_to_quantum_no_qiskit" file="tests/test_node9_qvae_bridge.py" line="59" time="0.002" /><testcase classname="tests.test_performance_monitor" name="test_monitor_initialization" file="tests/test_performance_monitor.py" line="70" time="0.001" /><testcase classname="tests.test_performance_monitor" name="test_metric_recording" file="tests/test_performance_monitor.py" line="80" time="0.001" /><testcase classname="tests.test_performance_monitor" name="test_quantum_metrics_recording" file="tests/test_performance_monitor.py" line="98" time="0.001" /><testcase classname="tests.test_performance_monitor" name="test_plot_generation" file="tests/test_performance_monitor.py" line="114" time="2.665" /><testcase classname="tests.test_performance_monitor" name="test_quantum_metrics_plotting" file="tests/test_performance_monitor.py" line="132" time="0.678" /><testcase classname="tests.test_performance_monitor" name="test_json_export" file="tests/test_performance_monitor.py" line="152" time="0.002" /><testcase classname="tests.test_performance_monitor" name="test_best_epoch_detection" file="tests/test_performance_monitor.py" line="175" time="0.002" /><testcase classname="tests.test_performance_monitor" name="test_get_summary" file="tests/test_performance_monitor.py" line="194" time="0.002" /><testcase classname="tests.test_performance_monitor" name="test_empty_summary" file="tests/test_performance_monitor.py" line="218" time="0.001" /><testcase classname="tests.test_pinata" name="test_upload_json_requests_mock" file="tests/test_pinata.py" line="14" time="0.001" /><testcase classname="tests.test_quantum_observer" name="test_get_block_number_monkeypatch" file="tests/test_quantum_observer.py" line="20" time="0.001" /><testcase classname="tests.test_quantum_observer" name="test_verify_pinata_monkeypatch" file="tests/test_quantum_observer.py" line="32" time="0.001" /><testcase classname="tests.test_qvae_circuit" name="test_qvae_circuit_structure" file="tests/test_qvae_circuit.py" line="3" time="0.001"><skipped type="pytest.skip" message="QVAE bridge unavailable: cannot import name 'create_wedjat_qvae_circuit' from 'qvae_bridge' (/home/runner/work/AGI-model/AGI-model/qvae_bridge.py)">/home/runner/work/AGI-model/AGI-model/tests/test_qvae_circuit.py:13: QVAE bridge unavailable: cannot import name 'create_wedjat_qvae_circuit' from 'qvae_bridge' (/home/runner/work/AGI-model/AGI-model/qvae_bridge.py)</skipped></testcase><testcase classname="tests.test_smoke_wrapper" name="test_smoke_train_wrapper" file="tests/test_smoke_wrapper.py" line="9" time="0.001" /><testcase classname="tests.test_smoke_wrapper" name="test_smoke_quantum_wrapper" file="tests/test_smoke_wrapper.py" line="21" time="0.001" /><testcase classname="tests.test_tesla_integration_utils" name="test_entropy_basic" file="tests/test_tesla_integration_utils.py" line="5" time="0.001" /><testcase classname="tests.test_tesla_integration_utils" name="test_consciousness_integral_smoke" file="tests/test_tesla_integration_utils.py" line="12" time="0.001" /><testcase classname="tests.test_training_integration" name="test_model_with_phi_init" file="tests/test_training_integration.py" line="62" time="0.008" /><testcase classname="tests.test_training_integration" name="test_phi_resonance_computation" file="tests/test_training_integration.py" line="78" time="0.010" /><testcase classname="tests.test_training_integration" name="test_golden_ratio_callback_integration" file="tests/test_training_integration.py" line="90" time="0.018" /><testcase classname="tests.test_training_integration" name="test_performance_monitor_integration" file="tests/test_training_integration.py" line="114" time="0.006" /><testcase classname="tests.test_training_integration" name="test_training_step_with_utilities" file="tests/test_training_integration.py" line="152" time="0.014" /><testcase classname="tests.test_training_integration" name="test_artifact_generation" file="tests/test_training_integration.py" line="188" time="4.531" /><testcase classname="tests.test_training_integration" name="test_backward_compatibility" file="tests/test_training_integration.py" line="228" time="0.010" /><testcase classname="tests.test_vae_model_comprehensive.TestHybridQuantumOptimizer" name="test_optimizer_initialization" file="tests/test_vae_model_comprehensive.py" line="49" time="0.001" /><testcase classname="tests.test_vae_model_comprehensive.TestHybridQuantumOptimizer" name="test_optimizer_initialization_adam" file="tests/test_vae_model_comprehensive.py" line="58" time="0.001" /><testcase classname="tests.test_vae_model_comprehensive.TestHybridQuantumOptimizer" name="test_optimizer_initialization_lbfgs" file="tests/test_vae_model_comprehensive.py" line="70" time="0.001" /><testcase classname="tests.test_vae_model_comprehensive.TestHybridQuantumOptimizer" name="test_quantum_gradient_estimation" file="tests/test_vae_model_comprehensive.py" line="79" time="0.003" /><testcase classname="tests.test_vae_model_comprehensive.TestHybridQuantumOptimizer" name="test_adam_step" file="tests/test_vae_model_comprehensive.py" line="92" time="0.004" /><testcase classname="tests.test_vae_model_comprehensive.TestHybridQuantumOptimizer" name="test_sgd_step" file="tests/test_vae_model_comprehensive.py" line="104" time="0.011" /><testcase classname="tests.test_vae_model_comprehensive.TestHybridQuantumOptimizer" name="test_update_loss_history" file="tests/test_vae_model_comprehensive.py" line="122" time="0.001" /><testcase classname="tests.test_vae_model_comprehensive.TestHybridQuantumOptimizer" name="test_loss_history_limit" file="tests/test_vae_model_comprehensive.py" line="131" time="0.001" /><testcase classname="tests.test_vae_model_comprehensive.TestHybridQuantumOptimizer" name="test_adaptive_learning_rate" file="tests/test_vae_model_comprehensive.py" line="138" time="0.011" /><testcase classname="tests.test_vae_model_comprehensive.TestHybridQuantumOptimizer" name="test_parameter_shift_gradient" file="tests/test_vae_model_comprehensive.py" line="155" time="0.010" /><testcase classname="tests.test_vae_model_comprehensive.TestMatrixProductState" name="test_mps_initialization" file="tests/test_vae_model_comprehensive.py" line="179" time="0.001" /><testcase classname="tests.test_vae_model_comprehensive.TestMatrixProductState" name="test_mps_forward" file="tests/test_vae_model_comprehensive.py" line="186" time="0.002" /><testcase classname="tests.test_vae_model_comprehensive.TestMatrixProductState" name="test_mps_output_dim" file="tests/test_vae_model_comprehensive.py" line="195" time="0.002" /><testcase classname="tests.test_vae_model_comprehensive.TestMatrixProductState" name="test_mps_gradient_flow" file="tests/test_vae_model_comprehensive.py" line="204" time="0.003" /><testcase classname="tests.test_vae_model_comprehensive.TestMatrixProductState" name="test_mps_different_batch_sizes" file="tests/test_vae_model_comprehensive.py" line="215" time="0.003" /><testcase classname="tests.test_vae_model_comprehensive.TestQuantumKernel" name="test_kernel_initialization" file="tests/test_vae_model_comprehensive.py" line="231" time="0.001" /><testcase classname="tests.test_vae_model_comprehensive.TestQuantumKernel" name="test_kernel_forward" file="tests/test_vae_model_comprehensive.py" line="238" time="0.001" /><testcase classname="tests.test_vae_model_comprehensive.TestQuantumKernel" name="test_kernel_gradient_flow" file="tests/test_vae_model_comprehensive.py" line="247" time="0.000"><skipped type="pytest.skip" message="QuantumKernel uses inplace operations in quantum_circuit which breaks autograd">/home/runner/work/AGI-model/AGI-model/tests/test_vae_model_comprehensive.py:248: QuantumKernel uses inplace operations in quantum_circuit which breaks autograd</skipped></testcase><testcase classname="tests.test_vae_model_comprehensive.TestQuantumKernel" name="test_quantum_circuit" file="tests/test_vae_model_comprehensive.py" line="258" time="0.001" /><testcase classname="tests.test_vae_model_comprehensive.TestQuantumVAE" name="test_model_initialization" file="tests/test_vae_model_comprehensive.py" line="276" time="0.005" /><testcase classname="tests.test_vae_model_comprehensive.TestQuantumVAE" name="test_encode" file="tests/test_vae_model_comprehensive.py" line="283" time="0.005" /><testcase classname="tests.test_vae_model_comprehensive.TestQuantumVAE" name="test_decode" file="tests/test_vae_model_comprehensive.py" line="291" time="0.005" /><testcase classname="tests.test_vae_model_comprehensive.TestQuantumVAE" name="test_reparameterize" file="tests/test_vae_model_comprehensive.py" line="298" time="0.005" /><testcase classname="tests.test_vae_model_comprehensive.TestQuantumVAE" name="test_forward" file="tests/test_vae_model_comprehensive.py" line="307" time="0.006" /><testcase classname="tests.test_vae_model_comprehensive.TestQuantumVAE" name="test_forward_with_density" file="tests/test_vae_model_comprehensive.py" line="316" time="0.005" /><testcase classname="tests.test_vae_model_comprehensive.TestQuantumVAE" name="test_generate" file="tests/test_vae_model_comprehensive.py" line="326" time="0.005" /><testcase classname="tests.test_vae_model_comprehensive.TestQuantumVAE" name="test_model_gradient_flow" file="tests/test_vae_model_comprehensive.py" line="334" time="0.006" /><testcase classname="tests.test_vae_model_comprehensive.TestTotalLoss" name="test_total_loss_computation" file="tests/test_vae_model_comprehensive.py" line="359" time="0.006" /><testcase classname="tests.test_vae_model_comprehensive.TestTotalLoss" name="test_loss_reconstruction_weight" file="tests/test_vae_model_comprehensive.py" line="372" time="0.006" /><testcase classname="tests.test_vae_model_comprehensive.TestTotalLoss" name="test_loss_kl_weight" file="tests/test_vae_model_comprehensive.py" line="385" time="0.007" /><testcase classname="tests.test_vae_model_comprehensive.TestPHIConstant" name="test_phi_value" file="tests/test_vae_model_comprehensive.py" line="406" time="0.001" /><testcase classname="tests.test_vae_model_comprehensive.TestPHIConstant" name="test_phi_properties" file="tests/test_vae_model_comprehensive.py" line="411" time="0.001" /><testcase classname="tests.test_vae_model_comprehensive.TestEdgeCases" name="test_empty_batch" file="tests/test_vae_model_comprehensive.py" line="423" time="0.006" /><testcase classname="tests.test_vae_model_comprehensive.TestEdgeCases" name="test_single_sample" file="tests/test_vae_model_comprehensive.py" line="432" time="0.005" /><testcase classname="tests.test_vae_model_comprehensive.TestEdgeCases" name="test_large_batch" file="tests/test_vae_model_comprehensive.py" line="442" time="0.012" /><testcase classname="tests.test_vae_model_comprehensive.TestEdgeCases" name="test_nan_handling" file="tests/test_vae_model_comprehensive.py" line="451" time="0.006" /><testcase classname="tests.test_vae_model_comprehensive.TestDeviceCompatibility" name="test_cuda_compatibility" file="tests/test_vae_model_comprehensive.py" line="467" time="0.000"><skipped type="pytest.skip" message="CUDA not available">/home/runner/work/AGI-model/AGI-model/tests/test_vae_model_comprehensive.py:468: CUDA not available</skipped></testcase><testcase classname="tests.test_vae_model_comprehensive.TestDeviceCompatibility" name="test_cpu_compatibility" file="tests/test_vae_model_comprehensive.py" line="479" time="0.005" /><testcase classname="tests.test_wing_occlusion_improved" name="test_demonstrator_initialization" file="tests/test_wing_occlusion_improved.py" line="53" time="0.001" /><testcase classname="tests.test_wing_occlusion_improved" name="test_golden_ratio_validation" file="tests/test_wing_occlusion_improved.py" line="60" time="0.001" /><testcase classname="tests.test_wing_occlusion_improved" name="test_fibonacci_spiral_generation" file="tests/test_wing_occlusion_improved.py" line="74" time="0.001" /><testcase classname="tests.test_wing_occlusion_improved" name="test_wing_entanglement_vectorization" file="tests/test_wing_occlusion_improved.py" line="93" time="0.001" /><testcase classname="tests.test_wing_occlusion_improved" name="test_wing_entanglement_with_params" file="tests/test_wing_occlusion_improved.py" line="108" time="0.001" /><testcase classname="tests.test_wing_occlusion_improved" name="test_quantum_state_preservation" file="tests/test_wing_occlusion_improved.py" line="121" time="0.001" /><testcase classname="tests.test_wing_occlusion_improved" name="test_quantum_state_preservation_perfect_case" file="tests/test_wing_occlusion_improved.py" line="140" time="0.001" /><testcase classname="tests.test_wing_occlusion_improved" name="test_demonstrate_occlusion_basic" file="tests/test_wing_occlusion_improved.py" line="149" time="0.001" /><testcase classname="tests.test_wing_occlusion_improved" name="test_demonstrate_occlusion_with_save_path" file="tests/test_wing_occlusion_improved.py" line="174" time="0.127" /><testcase classname="tests.test_wing_occlusion_improved" name="test_performance_improvement_vectorization" file="tests/test_wing_occlusion_improved.py" line="191" time="0.002" /><testcase classname="tests.test_wing_occlusion_improved" name="test_golden_ratio_integration" file="tests/test_wing_occlusion_improved.py" line="209" time="0.001" /><testcase classname="tests.test_wing_occlusion_improved" name="test_recovery_error_calculation" file="tests/test_wing_occlusion_improved.py" line="220" time="0.001" /><testcase classname="tests.test_wing_occlusion_improved" name="test_occlusion_rate_metric" file="tests/test_wing_occlusion_improved.py" line="234" time="0.001" /><testcase classname="tests.test_wing_occlusion_improved" name="test_multiple_runs_consistency" file="tests/test_wing_occlusion_improved.py" line="248" time="0.002" /><testcase classname="tests.test_wing_occlusion_improved" name="test_edge_cases" file="tests/test_wing_occlusion_improved.py" line="263" time="0.002" /><testcase classname="tests.test_wing_occlusion_improved" name="test_preserve_quantum_state_edge_cases" file="tests/test_wing_occlusion_improved.py" line="289" time="0.001" /></testsuite></testsuites>